
> voyage-vessel-scheduler@3.0.0 test
> vitest --run ; cat test_output.log


[1m[46m RUN [49m[22m [36mv4.0.16 [39m[90mc:/Users/Asus/Documents/project[39m


[31m⎯⎯⎯⎯⎯⎯[39m[1m[41m Failed Suites 1 [49m[22m[31m⎯⎯⎯⎯⎯⎯⎯[39m

[41m[1m FAIL [22m[49m src/components/cargo/__tests__/CostAllocationFields.spec.ts[2m [ src/components/cargo/__tests__/CostAllocationFields.spec.ts ][22m
[31m[1mError[22m: No test suite found in file c:/Users/Asus/Documents/project/src/components/cargo/__tests__/CostAllocationFields.spec.ts[39m
[31m[2m⎯⎯⎯⎯⎯⎯⎯⎯⎯⎯⎯⎯⎯⎯⎯⎯⎯⎯⎯⎯⎯⎯⎯⎯[1/1]⎯[22m[39m


[2m Test Files [22m [1m[31m1 failed[39m[22m[90m (1)[39m
[2m      Tests [22m [2mno tests[22m
[2m   Start at [22m 23:19:17
[2m   Duration [22m 733ms[2m (transform 279ms, setup 132ms, import 271ms, tests 0ms, environment 208ms)[22m

